debug: false
server:
    addr: :8080
    port: 80
    prometheusPort: 9090
scrape:
    enabled: true
    polling: 15m0s
    collection: 1h0m0s
database:
    host: localhost
    port: 31000
    database: foo
    username: bar
    password: secret
tado:
    username: tado
    password: tadopassword
solarEdge:
    token: "1234"
