debug: true
server:
    port: 8080
    images: /static
scrape:
    enabled: true
    polling: 15m0s
    collection: 1h0m0s
database:
    host: localhost
    port: 1234
    database: test
    username: user
    password: password
tado:
    username: tado
    password: tadopassword
solarEdge:
    token: "1234"
